ABHYDROLASE_DUF2235
AraC
Base_plate_Tox_assc
ColD
ColE3-nuclease
DEAM-CxE
DEAM-DxE
DUF637
ENDOU
FUNGAL-DEAM-N
GDPD
GHH
HNH
HNH-DHNNK
HNHGH-E
HNHGH-E
HNH-HHH
Imm10
Imm11
Imm1
Imm12
Imm13
Imm14
Imm15
Imm16
Imm17
Imm18
Imm19
Imm20
Imm21
Imm2
Imm22
Imm22
Imm22
Imm23
Imm24
Imm25
Imm26
Imm27
Imm28
Imm29
Imm30
Imm31
Imm3
Imm32
Imm33
Imm34
Imm35
Imm36
Imm37
Imm38
Imm39
Imm40
Imm41
Imm4
Imm42
Imm43
Imm44
Imm45
Imm46
Imm47
Imm48
Imm49
Imm50
Imm51
Imm5
Imm52
Imm53
Imm54
Imm55
Imm56
Imm57
Imm58
Imm59
Imm60
Imm61
Imm6
Imm62
Imm63
Imm64
Imm65
Imm66
Imm67
Imm68
Imm69
Imm70
Imm71
Imm7
Imm72
Imm73
Imm74
Imm75
Imm76
Imm8
Imm9
Imm-ank
Immank
Imm-Barstar
Imm-Barstar
Imm-CdiI
Imm-Cloacin
Imm-ColE7
Imm-ComJ
Imm-HEAT
ImmHEAT
Imm-LRR
ImmLRR
Imm-My6CBD
Imm-NMB0513
Imm-NTF2
Imm-NTF2-2
Imm-NTF2
Imm-SUFU-like
Imm-SUKH-CF44
Imm-SUKH-SMI1
Imm-SUKH-SUKH4
Imm-SUKH-SYD
Imm-SUKH-US22
Imm-VC0424
LINKER
MafB-N
Metallopeptidase
Metallopeptidase
Metallopeptidase
Metallopeptidase
Ntox10
Ntox11
Ntox12
Ntox13
Ntox14
Ntox15
Ntox16
Ntox17
Ntox18
Ntox18
Ntox19
Ntox20
Ntox21
Ntox2
Ntox22
Ntox23
Ntox24
Ntox24
Ntox25
Ntox26
Ntox27
Ntox28
Ntox29
Ntox30
Ntox31
Ntox3
Ntox31-NADase
Ntox32
Ntox33
Ntox34
Ntox35
Ntox36
Ntox37
Ntox38
Ntox39
Ntox40
Ntox41
Ntox4
Ntox42
Ntox43
Ntox44
Ntox45
Ntox46
Ntox47
Ntox48
Ntox48
Ntox49
Ntox50
Ntox51
Ntox5
Ntox52
Ntox53
Ntox7
Ntox8
Ntox9
NUC-N
PAAR
PAPAIN-C39
PEPTIDEKINASE
POTRA
PrePAARTM
PrsW_peptidase
PrsW_peptidase
PT-COG5412
PT-TG
PT-VENN
REAse-1
REAse-2
REAse-3
REAse-4
REAse-5
REAse-6
REAse-7
SFII-RAD3
SHH
SUFU
SUFU-associated
SUKH-CF44
SUKH-SMI1
SUKH-SUKH4
SUKH-SYD
SUKH-US22
Tox-ABHYDROLASE2
Tox-ABHYDROLASE3
Tox-ABHYDROLASE_DUF2235
Tox-AHH
Tox-ALFMPTase
Tox-Arc
Tox-ART-HY1
Tox-ART-HYD1
Tox-ART-HYD2
Tox-ART-HYD2
Tox-ART-HYD3
Tox-ART-HYD3
Tox-ART-HYD3
Tox-ART-HYE1
Tox-ART-RSE
Tox-ART-VIP2
Tox-ART-VIP2
Tox-Caspase
Tox-CdiAC
Tox-CNF
Tox-ColD
Tox-ColE3
Tox-ColicinC
Tox-CompNuc
Tox-DCH
Tox-DDRGK
Tox-Deam_AIDAPOBEC
Tox-Deam-CxE
Tox-Deam-DxE
Tox-Deam_DYW
Tox-Deam_sce3516
Tox-Deam_WD0512
Tox-DUF4347-Caspase
Tox-EDA39C
Tox-EndoU
Tox-GHH
Tox-GHH2
Tox-H-D-C
Tox-HetC
Tox-HNH
Tox-HNH
Tox-HNH-CIDE
Tox-HNH-DHNNK
Tox-HNH-EHHH
Tox-HNHGH-E
Tox-HNHGH-E
Tox-HNH-HHH
Tox-HopH1
TOX-HTH
Tox-HTH
TOXIN-MYST1
TOXIN-PL
Tox-JAB
Tox-JAB2
Tox-LatrotoxinCTD
Tox-LHH_colicinE
Tox-MCF
Tox-Metpeptidase
Tox-MPTase1
Tox-MPTase2
Tox-MPTase3
Tox-MPTase4
Tox-MPTase5
Tox-MPTasemisc
Tox-MPTasemisc
Tox-NucA
Tox-ODYAM1
Tox-ParB
Tox-ParBL1
Tox-PL
Tox-PL-2
Tox-PL3
Tox-PL4
Tox-PLC39
Tox-PLDMTX
Tox-PLOTU
Tox-PLOTU
Tox-PLOTU
Tox-REase-10
Tox-REase-1
Tox-REase-1
Tox-REase-2
Tox-REase-3
Tox-REase-4
Tox-REase-4
Tox-REase-5
Tox-REase-6
Tox-REase-7
Tox-REase-8
Tox-REase-9
Tox-RelA
Tox-RelE
Tox-RES
Tox-Ribonuclease
Tox-SERPEPTIDASE
Tox-SHH
Tox-SHH
Tox-SUFU-assoc
Tox-TGase
Tox-URI1
Tox-URI
Tox-URI2
Tox-URI
Tox-URI
Tox-URI
Tox-URI
Tox-WHH
Tox-WTIP
Tox-X
TRANSGLUTAMINASE-inactive
TRANSGLUTAMINASE-TOXIN
URI
URI
URI
URI
VgrG
WHH
W-TIP
WXG
WXG_LxG
XHH
YabG_peptidase
