AAA_21
ABC_toxin_N
AbiEi_1
AbiEi_2
AbiEi_3
AbiEi_3_N
AbiEi_4
AbiEii
AbiGi
AbiGii_2
ADPrib_exo_Tox
ADP_ribosyl_GH
ADPRTs_Tse2
Aegerolysin
Aerolysin
AHH
ANATO
Anemone_cytotox
Anthrax_toxA
Anthrax-tox_M
Antifungal_pept
Antifungal_prot
Antimicrobial10
Antimicrobial11
Antimicrobial12
Antimicrobial13
Antimicrobial14
Antimicrobial15
Antimicrobial17
Antimicrobial18
Antimicrobial19
Antimicrobial_1
Antimicrobial20
Antimicrobial21
Antimicrobial22
Antimicrobial23
Antimicrobial24
Antimicrobial25
Antimicrobial_2
Antimicrobial_3
Antimicrobial_4
Antimicrobial_5
Antimicrobial_6
Antimicrobial_7
Antimicrobial_8
Antimicrobial_9
Antitox_RHH
APT
ART-PolyVal
ATLF
Atracotoxin
ATX_III
Bacillus_HBL
BacteriocIIc_cy
Bacteriocin_IIc
Bacteriocin_IId
Bacteriocin_II
Bacteriocin_IIi
Bacteroid_pep
Bac_thur_toxin
Barstar
Bee_toxin
Binary_toxB_2
Binary_toxB_3
Binary_toxB
BrnA_antitoxin
BrnT_toxin
CagA
CbeA_antitoxin
CbtA_toxin
CcdA
CcdB
CdiA_C
CdiA_C_tRNase
CdiI_2
CdiI_3
CdiI_4
CdiI
CdiI_N
CDtoxinA
Chi-conotoxin
CKI
Clenterotox
Cloacin
Cloacin_immun
Coleoptericin
Colicin_D
Colicin-DNase
Colicin_E5
Colicin
Colicin_Ia
Colicin_im
Colicin_immun
Colicin_M
Colicin_Pyocin
Conotoxin
Conotoxin_I2
CopG_antitoxin
Cpta_toxin
Cry1Ac_D5
Cys_Knot_tox
Cytotoxic
D_CNTX
DcrB
Defensin_4
Diphtheria_C
Diphtheria_R
Diphtheria_T
DNase_NucA_NucB
DotU
DtxR
DUF1131
DUF1403
DUF1524
DUF1910
DUF1911
DUF2169
DUF2235
DUF2778
DUF2875
DUF3274
DUF3396
DUF3519
DUF4123
DUF4284
DUF6531
DUF900
Effector_1
Endonuclea_NS_2
Endonuclease_NS
Endotoxin_C2
Endotoxin_C
Endotoxin_M
Endotoxin_mid
Endotoxin_N
EndoU_bacteria
EntA_Immun
Entericidin
Enterotoxin_a
Enterotoxin_b
Enterotoxin_HS1
Enterotoxin_ST
Epsilon_antitox
ETX_MTX2
Exotox-A_bind
Exotox-A_cataly
Exotox-A_target
Fic
Fic_N
Fst_toxin
GH-E
Gln_amidase
Gln_deamidase_2
GnsAB_toxin
Gp5_C
Hemolysin_N
HEPN_RnaseLS
HicA_toxin
HicB
HicB-like_2
HicB_lk_antitox
HigB-like_toxin
HigB_toxin
HlyC
HNH_2
HNH_3
HNH_4
HNH_5
HNHc_6
HNH
Hol_Tox
Ibs_toxin
IcmF_C
IcmF-related
IcmF-related_N
IFS
Imm10
Imm12
Imm15
Imm17
Imm19
Imm1
Imm21
Imm25
Imm26
Imm27
Imm2
Imm30
Imm31
Imm32
Imm35
Imm39
Imm3
Imm40
Imm41
Imm42
Imm43
Imm44
Imm45
Imm47
Imm48
Imm49
Imm50
Imm51
Imm52
Imm53
Imm57
Imm58
Imm59
Imm5
Imm61
Imm63
Imm64
Imm65
Imm68
Imm6
Imm70
Imm71
Imm72
Imm74
Imm75
Imm7
Imm8
Imm9
ImmE5
Imm-NTF2-2
Imm-NTF2
ImpA_N
Latrotoxin_C
Ldr_toxin
Leukocidin
LHH
LprI
LT-IIB
MafB19-deam
MafB
MazE_antitoxin
Mbeg1-like
Microcin
MqsA_antitoxin
MqsR_toxin
MraZ
MT0933_antitox
Mu-conotoxin
MuF_C
Myotoxins
NADase_NGA
Ntox10
Ntox11
Ntox14
Ntox15
Ntox16
Ntox17
Ntox1
Ntox21
Ntox22
Ntox23
Ntox24
Ntox25
Ntox27
Ntox28
Ntox30
Ntox33
Ntox34
Ntox35
Ntox37
Ntox3
Ntox43
Ntox44
Ntox46
Ntox47
Ntox4
Ntox50
Ntox5
Ntox6
Ntox8
Nuc_N
Omega-toxin
PAAR_motif
ParD_antitoxin
ParD
ParD_like
ParE-like_toxin
ParE_toxin
ParG
PBECR1
PBECR2
PBECR3
PBECR4
PBECR5
PemK_toxin
Peptidase_M27
Pertus-S4-tox
Pertus-S5-tox
Pertussis_S1
Pertussis_S2S3
Pesticin
Pfam-A
Pfam-A
pfam
pfam
pfam
pfam
pfam_t6ss
Phage_base_V
PHD_like
PhdYeFM_antitox
Pim
PIN_10
PIN_11
PIN_12
PIN_2
PIN_3
PIN_4
PIN_5
PIN_6
PIN7
PIN_8
PIN_9
PIN
PrlF_antitoxin
PSMbeta
ptaRNA1_toxin
Pyocin_S
Rap1a
RelB
RelB_leu_zip
RelB_N
RelB_transactiv
RelE
RES
RHH_5
RHH_6
RHS_repeat
RnlA-toxin_DBD
RnlA_toxin
RnlA_toxin_N
RnlB_antitoxin
RraB
SecIII_SopE_N
SLT_beta
SLT
SMI1_KNR4
source
SpoIISA_toxin
SpoIISB_antitox
SpvD
Stap_Strp_tox_C
Stap_Strp_toxin
STb_secrete
SUFU_C
SUFU
SUKH-3
SUKH-4
SUKH_5
SUKH_6
Syd
SymE_toxin
T6SS_FHA_C
T6SS_HCP
T6SS-SciN
T6SS_TssF
T6SS_TssG
T6SS_VasE
T6SS_VasJ
T6SS_Vgr
T6SS_VipA
Tae4
TagF_N
Tai4
TA_inhibitor
TcA_RBD
TcA_TcB_BD
TcdA_TcdB
TcdA_TcdB_pore
TcdB_N
TcdB_toxin_midC
TcdB_toxin_midN
Tgi2PP
TisB_toxin
Tli4_C
Tli4_N
TNT
Tox-ART-HYD1
Tox-ART-HYE1
ToxB_N
Tox-GHH2
Tox-GHH
Tox-HDC
Tox-HNH-EHHH
Tox-HNH-HHH
Toxin_10
Toxin_11
Toxin_12
Toxin_13
Toxin_14
Toxin_15
Toxin_16
Toxin_17
Toxin_18
Toxin_19
Toxin_20
Toxin_21
Toxin_22
Toxin_23
Toxin_24
Toxin_25
Toxin_26
Toxin_27
Toxin_28
Toxin_29
Toxin_2
Toxin_30
Toxin_31
Toxin_32
Toxin_33
Toxin_34
Toxin_35
Toxin_36
Toxin_37
Toxin_38
Toxin_3
Toxin_4
Toxin_5
Toxin_6
Toxin_7
Toxin_8
Toxin_9
Toxin-deaminase
Toxin_GhoT_OrtT
Toxin-JAB1
Toxin_R_bind_C
Toxin_R_bind_N
Toxin_TOLIP
Toxin_ToxA
Toxin_trans
Toxin_YhaV
Tox-MPTase2
Tox-MPTase3
Tox-MPTase4
Tox-MPTase5
ToxN_toxin
Tox-ODYAM1
Tox-PAAR-like
Tox-PL-2
Tox-PLDMTX
Tox-REase-2
Tox-REase-3
Tox-REase-5
Tox-REase-7
Tox-REase-9
Tox-SGS
Tox-SHH
ToxS
Tox-URI2
Tox-WTIP
TssC
TssD
TssN
TssO
TssR
TTc_toxin_rep
Unstab_antitox
US22
VAPB_antitox
VapB_antitoxin
VasI
VasL
VasX_N
VbhA
VipB
VRR_NUC
WHH
YafO_toxin
YafQ_toxin
YdaS_antitoxin
YdaT_toxin
Yeast-kill-tox
YjhX_toxin
YkuD_2
YkuD
YmcE_antitoxin
YoeB_toxin
YokU
YopE
YopE_N
YopX
Zeta_toxin
Zot
